// Vitest Snapshot v1, https://vitest.dev/guide/snapshot.html

exports[`LoopsPanel mutation flows > card structure snapshot (small, stable sub-tree) 1`] = `
<div
  aria-label="A loop"
  class="specorator-vue-card"
  data-v-1932512b=""
  role="button"
  tabindex="0"
>
  <!--v-if-->
  <div
    class="specorator-vue-card-body"
    data-v-1932512b=""
  >
    <div
      class="specorator-vue-card-name"
      data-v-1932512b=""
    >
      <span
        data-v-1932512b=""
      >
        A loop
      </span>
      
      
    </div>
    
    <div
      class="specorator-library-card-desc"
    >
      desc
    </div>
    <div
      class="specorator-library-card-desc"
    >
      Use when: when
    </div>
    
    <div
      class="specorator-vue-card-caps"
      data-v-1932512b=""
    >
      
      <span
        class="specorator-vue-chip"
        data-v-1932512b=""
      >
        tag1
      </span>
      
    </div>
  </div>
  <div
    class="specorator-vue-card-actions"
    data-v-1932512b=""
  >
    
    <button
      class="mod-cta"
      type="button"
    >
      Prompt
    </button>
    <button
      aria-label="Duplicate"
      class="specorator-library-card-icon"
      title="Duplicate"
      type="button"
    >
       ⧉ 
    </button>
    <button
      class="specorator-library-card-delete"
      type="button"
    >
      Delete
    </button>
    
  </div>
</div>
`;
